Script started on 2021-03-22 09:17:02-04:00 [TERM="xterm-256color" TTY="/dev/pts/0" COLUMNS="172" LINES="41"]
]0;kevinwong@DESKTOP-SPVIRKK: ~[01;32mkevinwong@DESKTOP-SPVIRKK[00m:[01;34m~[00m$ mkdir Repo1
]0;kevinwong@DESKTOP-SPVIRKK: ~[01;32mkevinwong@DESKTOP-SPVIRKK[00m:[01;34m~[00m$ cd Repo
bash: cd: Repo: No such file or directory
]0;kevinwong@DESKTOP-SPVIRKK: ~[01;32mkevinwong@DESKTOP-SPVIRKK[00m:[01;34m~[00m$ cd Repo1
]0;kevinwong@DESKTOP-SPVIRKK: ~/Repo1[01;32mkevinwong@DESKTOP-SPVIRKK[00m:[01;34m~/Repo1[00m$ code.[K .
Installing VS Code Server for x64 (2b9aebd5354a3629c3aba0a5f5df49f43d6689f8)
Downloading:       0%  0%  0%  0%  0%  0%  1%  1%  1%  1%  1%  1%  2%  2%  2%  2%  2%  2%  3%  3%  3%  3%  3%  3%  4%  4%  4%  4%  4%  4%  5%  5%  5%  5%  5%  5%  6%  6%  6%  6%  6%  6%  7%  7%  7%  7%  7%  7%  7%  8%  8%  8%  8%  8%  8%  9%  9%  9%  9%  9%  9% 10% 10% 10% 10% 10% 10% 11% 11% 11% 11% 11% 11% 12% 12% 12% 12% 12% 12% 13% 13% 13% 13% 13% 13% 14% 14% 14% 14% 14% 14% 15% 15% 15% 15% 15% 15% 15% 16% 16% 16% 16% 16% 16% 17% 17% 17% 17% 17% 17% 18% 18% 18% 18% 18% 18% 19% 19% 19% 19% 19% 19% 20% 20% 20% 20% 20% 20% 21% 21% 21% 21% 21% 21% 22% 22% 22% 22% 22% 22% 22% 23% 23% 23% 23% 23% 23% 24% 24% 24% 24% 24% 24% 25% 25% 25% 25% 25% 25% 26% 26% 26% 26% 26% 26% 27% 27% 27% 27% 27% 27% 28% 28% 28% 28% 28% 28% 29% 29% 29% 29% 29% 29% 30% 30% 30% 30% 30% 30% 30% 31% 31% 31% 31% 31% 31% 32% 32% 32% 32% 32% 32% 33% 33% 33% 33% 33% 33% 34% 34% 34% 34% 34% 34% 35% 35% 35% 35% 35% 35% 36% 36% 36% 36% 36% 36% 37% 37% 37% 37% 37% 37% 37% 38% 38% 38% 38% 38% 38% 39% 39% 39% 39% 39% 39% 40% 40% 40% 40% 40% 40% 41% 41% 41% 41% 41% 41% 42% 42% 42% 42% 42% 42% 43% 43% 43% 43% 43% 43% 44% 44% 44% 44% 44% 44% 45% 45% 45% 45% 45% 45% 45% 46% 46% 46% 46% 46% 46% 47% 47% 47% 47% 47% 47% 48% 48% 48% 48% 48% 48% 49% 49% 49% 49% 49% 49% 50% 50% 50% 50% 50% 50% 51% 51% 51% 51% 51% 51% 52% 52% 52% 52% 52% 52% 53% 53% 53% 53% 53% 53% 53% 54% 54% 54% 54% 54% 54% 55% 55% 55% 55% 55% 55% 56% 56% 56% 56% 56% 56% 57% 57% 57% 57% 57% 57% 58% 58% 58% 58% 58% 58% 59% 59% 59% 59% 59% 59% 60% 60% 60% 60% 60% 60% 60% 61% 61% 61% 61% 61% 61% 62% 62% 62% 62% 62% 62% 63% 63% 63% 63% 63% 63% 64% 64% 64% 64% 64% 64% 65% 65% 65% 65% 65% 65% 66% 66% 66% 66% 66% 66% 67% 67% 67% 67% 67% 67% 68% 68% 68% 68% 68% 68% 68% 69% 69% 69% 69% 69% 69% 70% 70% 70% 70% 70% 70% 71% 71% 71% 71% 71% 71% 72% 72% 72% 72% 72% 72% 73% 73% 73% 73% 73% 73% 74% 74% 74% 74% 74% 74% 75% 75% 75% 75% 75% 75% 75% 76% 76% 76% 76% 76% 76% 77% 77% 77% 77% 77% 77% 78% 78% 78% 78% 78% 78% 79% 79% 79% 79% 79% 79% 80% 80% 80% 80% 80% 80% 81% 81% 81% 81% 81% 81% 82% 82% 82% 82% 82% 82% 83% 83% 83% 83% 83% 83% 83% 84% 84% 84% 84% 84% 84% 85% 85% 85% 85% 85% 85% 86% 86% 86% 86% 86% 86% 87% 87% 87% 87% 87% 87% 88% 88% 88% 88% 88% 88% 89% 89% 89% 89% 89% 89% 90% 90% 90% 90% 90% 90% 91% 91% 91% 91% 91% 91% 91% 92% 92% 92% 92% 92% 92% 93% 93% 93% 93% 93% 93% 94% 94% 94% 94% 94% 94% 95% 95% 95% 95% 95% 95% 96% 96% 96% 96% 96% 96% 97% 97% 97% 97% 97% 97% 98% 98% 98% 98% 98% 98% 98% 99% 99% 99% 99% 99% 99%100%100%
Unpacking:   0%  1%  2%  3%  4%  5%  6%  7%  8%  9% 10% 11% 12% 13% 14% 15% 16% 17% 18% 19% 20% 21% 22% 23% 24% 25% 26% 27% 28% 29% 30% 31% 32% 33% 34% 35% 36% 37% 38% 39% 40% 41% 42% 43% 44% 45% 46% 47% 48% 49% 50% 51% 52% 53% 54% 55% 56% 57% 58% 59% 60% 61% 62% 63% 64% 65% 66% 67% 68% 69% 70% 71% 72% 73% 74% 75% 76% 77% 78% 79% 80% 81% 82% 83% 84% 85% 86% 87% 88% 89% 90% 91% 92% 93% 94% 95% 96% 97% 98% 99%100%
Unpacked 1824 files and folders to /home/kevinwong/.vscode-server/bin/2b9aebd5354a3629c3aba0a5f5df49f43d6689f8.
]0;kevinwong@DESKTOP-SPVIRKK: ~/Repo1[01;32mkevinwong@DESKTOP-SPVIRKK[00m:[01;34m~/Repo1[00m$ ls
HelloWorld.java
]0;kevinwong@DESKTOP-SPVIRKK: ~/Repo1[01;32mkevinwong@DESKTOP-SPVIRKK[00m:[01;34m~/Repo1[00m$ git init
Initialized empty Git repository in /home/kevinwong/Repo1/.git/
]0;kevinwong@DESKTOP-SPVIRKK: ~/Repo1[01;32mkevinwong@DESKTOP-SPVIRKK[00m:[01;34m~/Repo1[00m$ git status
On branch master

No commits yet

Untracked files:
  (use "git add <file>..." to include in what will be committed)
	[31mHelloWorld.java[m

nothing added to commit but untracked files present (use "git add" to track)
]0;kevinwong@DESKTOP-SPVIRKK: ~/Repo1[01;32mkevinwong@DESKTOP-SPVIRKK[00m:[01;34m~/Repo1[00m$ git add HelloWorld.java 
]0;kevinwong@DESKTOP-SPVIRKK: ~/Repo1[01;32mkevinwong@DESKTOP-SPVIRKK[00m:[01;34m~/Repo1[00m$ git status
On branch master

No commits yet

Changes to be committed:
  (use "git rm --cached <file>..." to unstage)
	[32mnew file:   HelloWorld.java[m

]0;kevinwong@DESKTOP-SPVIRKK: ~/Repo1[01;32mkevinwong@DESKTOP-SPVIRKK[00m:[01;34m~/Repo1[00m$ git commit -m Initial commit
error: pathspec 'commit' did not match any file(s) known to git
]0;kevinwong@DESKTOP-SPVIRKK: ~/Repo1[01;32mkevinwong@DESKTOP-SPVIRKK[00m:[01;34m~/Repo1[00m$ git commit -m "Initial commmit"
[master (root-commit) b8de888] Initial commmit
 1 file changed, 5 insertions(+)
 create mode 100644 HelloWorld.java
]0;kevinwong@DESKTOP-SPVIRKK: ~/Repo1[01;32mkevinwong@DESKTOP-SPVIRKK[00m:[01;34m~/Repo1[00m$ exit
exit

Script done on 2021-03-22 09:25:05-04:00 [COMMAND_EXIT_CODE="0"]
